
============================================================
Date:    2026-06-11T15:51:11.660Z
To:      michael.chen@university.edu
Subject: New Project Supervision Assignment: AI and enhancement
Message:
Dear Dr./Prof. Dr. Michael Chen,

You have been assigned as the supervisor for a new project proposal titled "AI and enhancement" submitted by Vibusha Bulathsinhala.

Project Details:
- Title: AI and enhancement
- Type: Individual Project
- Department: Information Technology
- Description: aa

Please log in to the Faculty Portal to review the proposal and evaluate milestones.

Best regards,
University Project Portal
============================================================

============================================================
Date:    2026-06-11T16:14:58.638Z
To:      imlecturer@university.edu
Subject: New Project Supervision Assignment: AI and enhancement
Message:
Dear Dr./Prof. Dr.Hemal Jayasingha,

You have been assigned as the supervisor for a new project proposal titled "AI and enhancement" submitted by Vibusha Bulathsinhala.

Project Details:
- Title: AI and enhancement
- Type: Individual Project
- Department: Software Engineering
- Description: AI and enhancement

Please log in to the Faculty Portal to review the proposal and evaluate milestones.

Best regards,
University Project Portal
============================================================

============================================================
Date:    2026-06-11T19:43:39.124Z
To:      imlecturer@university.edu
Subject: New Project Proposal Awaiting Supervisor Assignment: AI and enhancement
Message:
Dear Dr./Prof. Dr.Hemal Jayasingha,

A new project proposal titled "AI and enhancement" submitted by Vibusha Bulathsinhala has been assigned to you as the coordinator.

Project Details:
- Title: AI and enhancement
- Type: Individual Project
- Department: Information Technology
- Description: AI and enhancement

Please log in to the Faculty Portal to review the proposal and assign an academic supervisor.

Best regards,
University Project Portal
============================================================

============================================================
Date:    2026-06-11T19:44:11.383Z
To:      imlecturer@university.edu
Subject: New Project Supervision Assignment: AI and enhancement
Message:
Dear Dr./Prof. Dr.Hemal Jayasingha,

You have been assigned as the academic supervisor for the project "AI and enhancement".

Please log in to the Faculty Portal to review milestones, documents, and provide feedback.

Best regards,
University Project Portal
============================================================

============================================================
Date:    2026-06-11T19:46:47.367Z
To:      imlecturer@university.edu
Subject: New Project Proposal Awaiting Supervisor Assignment: AI and enhancement
Message:
Dear Dr./Prof. Dr.Hemal Jayasingha,

A new project proposal titled "AI and enhancement" submitted by Vibusha Bulathsinhala has been assigned to you as the coordinator.

Project Details:
- Title: AI and enhancement
- Type: Individual Project
- Department: Software Engineering
- Description: AI and enhancement

Please log in to the Faculty Portal to review the proposal and assign an academic supervisor.

Best regards,
University Project Portal
============================================================

============================================================
Date:    2026-06-11T19:47:20.288Z
To:      imlecturer@university.edu
Subject: New Project Supervision Assignment: AI and enhancement
Message:
Dear Dr./Prof. Dr.Hemal Jayasingha,

You have been assigned as the academic supervisor for the project "AI and enhancement".

Please log in to the Faculty Portal to review milestones, documents, and provide feedback.

Best regards,
University Project Portal
============================================================

============================================================
Date:    2026-06-11T19:53:33.974Z
To:      supun@gmail.com
Subject: Group Project Invitation: Tech with human
Message:
Dear Student,

You have been added as a group member to a new project proposal titled "Tech with human" by Vibusha Bulathsinhala.

Project Details:
- Title: Tech with human
- Department: Data Science
- Objectives: Tech with human

Please log in to the Project Monitoring System to view details.

Best regards,
University Project Portal
============================================================

============================================================
Date:    2026-06-11T19:53:34.192Z
To:      imlecturer@university.edu
Subject: New Project Proposal Awaiting Supervisor Assignment: Tech with human
Message:
Dear Dr./Prof. Dr.Hemal Jayasingha,

A new project proposal titled "Tech with human" submitted by Vibusha Bulathsinhala has been assigned to you as the coordinator.

Project Details:
- Title: Tech with human
- Type: Group Project
- Department: Data Science
- Description: Tech with human

Please log in to the Faculty Portal to review the proposal and assign an academic supervisor.

Best regards,
University Project Portal
============================================================

============================================================
Date:    2026-06-11T19:54:22.430Z
To:      imlecturer@university.edu
Subject: New Project Supervision Assignment: Tech with human
Message:
Dear Dr./Prof. Dr.Hemal Jayasingha,

You have been assigned as the academic supervisor for the project "Tech with human".

Please log in to the Faculty Portal to review milestones, documents, and provide feedback.

Best regards,
University Project Portal
============================================================

============================================================
Date:    2026-06-12T15:40:56.908Z
To:      supun@gmail.com
Subject: Group Project Invitation: project monitoring system
Message:
Dear Student,

You have been added as a group member to a new project proposal titled "project monitoring system" by Vibusha Bulathsinhala.

Project Details:
- Title: project monitoring system
- Department: Computer Science
- Objectives: UI design 
create database

Please log in to the Project Monitoring System to view details.

Best regards,
University Project Portal
============================================================

============================================================
Date:    2026-06-12T15:40:57.105Z
To:      rebecanethmini6@gmail.com
Subject: New Project Proposal Awaiting Supervisor Assignment: project monitoring system
Message:
Dear Dr./Prof. Rebeca Nethmini,

A new project proposal titled "project monitoring system" submitted by Vibusha Bulathsinhala has been assigned to you as the coordinator.

Project Details:
- Title: project monitoring system
- Type: Group Project
- Department: Computer Science
- Description: creating system that can monitor the projects of undergraduates 

Please log in to the Faculty Portal to review the proposal and assign an academic supervisor.

Best regards,
University Project Portal
============================================================

============================================================
Date:    2026-06-12T15:44:41.810Z
To:      rebecanethmini6@gmail.com
Subject: New Project Supervision Assignment: project monitoring system
Message:
Dear Dr./Prof. Rebeca Nethmini,

You have been assigned as the academic supervisor for the project "project monitoring system".

Please log in to the Faculty Portal to review milestones, documents, and provide feedback.

Best regards,
University Project Portal
============================================================

============================================================
Date:    2026-06-12T16:51:15.951Z
To:      rebecanethmini6@gmail.com
Subject: New Project Proposal Awaiting Supervisor Assignment: computer based project
Message:
Dear Dr./Prof. Rebeca Nethmini,

A new project proposal titled "computer based project" submitted by Vibusha Bulathsinhala has been assigned to you as the coordinator.

Project Details:
- Title: computer based project
- Type: Individual Project
- Department: Industrial Management
- Description: e channeling and e payment 

Please log in to the Faculty Portal to review the proposal and assign an academic supervisor.

Best regards,
University Project Portal
============================================================

============================================================
Date:    2026-06-12T16:51:55.684Z
To:      rebecanethmini6@gmail.com
Subject: New Project Supervision Assignment: computer based project
Message:
Dear Dr./Prof. Rebeca Nethmini,

You have been assigned as the academic supervisor for the project "computer based project".

Please log in to the Faculty Portal to review milestones, documents, and provide feedback.

Best regards,
University Project Portal
============================================================
